 KRNL32

 Timestamp is 48cb2b19 (Fri Sep 12 21:53:13 2008)

 Preferred load address is 00100000

 Start         Length     Name                   Class
 0001:00000000 00000508H .text                   CODE
 0002:00000000 00000121H .rdata                  DATA
 0003:00000000 00000004H .CRT$XCA                DATA
 0003:00000004 00000004H .CRT$XCZ                DATA
 0003:00000008 00000018H .data                   DATA
 0003:00000020 0000003cH .bss                    DATA
 0004:00000000 00000058H .rsrc$01                DATA
 0004:00000060 00000380H .rsrc$02                DATA

  Address         Publics by Value              Rva+Base       Lib:Object

 0000:00000000       ___safe_se_handler_table   00000000     <absolute>
 0000:00000000       ___safe_se_handler_count   00000000     <absolute>
 0001:00000000       ?DebugPutc@@YAXE@Z         00100400 f   DebugDisplay.obj
 0001:00000070       ?itoa@@YAXIIPAD@Z          00100470 f   DebugDisplay.obj
 0001:000000e0       ?DebugSetColor@@YAII@Z     001004e0 f   DebugDisplay.obj
 0001:000000f0       ?DebugGotoXY@@YAXII@Z      001004f0 f   DebugDisplay.obj
 0001:00000120       ?DebugClrScr@@YAXG@Z       00100520 f   DebugDisplay.obj
 0001:00000160       ?DebugPuts@@YAXPAD@Z       00100560 f   DebugDisplay.obj
 0001:000001a0       ?DebugPrintf@@YAHPBDZZ     001005a0 f   DebugDisplay.obj
 0001:00000380       ?kernel_entry@@YAXXZ       00100780 f   entry.obj
 0001:000003c0       _main                      001007c0 f   main.obj
 0001:00000470       ?strlen@@YAIPBD@Z          00100870 f   Lib:string.obj
 0001:00000490       ?Exit@@YAXXZ               00100890 f   Lib:cstd.obj
 0001:000004d0       ?InitializeConstructors@@YAXXZ 001008d0 f   Lib:cstd.obj
 0002:00000000       ??_C@_0DC@NHHANBFB@?6?6I?5am?5preparing?5to?5load?4?4?4?5Hold@ 00100a00     main.obj
 0002:00000034       ??_C@_07CFAMGIEN@?6?$FL0x?$CFx?$FN?$AA@ 00100a34     main.obj
 0002:0000003c       ??_C@_05HPJKAPFK@?6?$FL?$CFi?$FN?$AA@ 00100a3c     main.obj
 0002:00000044       ??_C@_0CH@BOGMIAEI@?6i?5in?5hex?5?4?4?4?4?4?4?4?4?4?4?4?4?4?4?4?4?4?4?4?4?4?4@ 00100a44     main.obj
 0002:0000006c       ??_C@_0CH@MFILIHKL@?6i?5as?5integer?5?4?4?4?4?4?4?4?4?4?4?4?4?4?4?4?4?4?4@ 00100a6c     main.obj
 0002:00000094       ??_C@_0CO@MLNNAIEG@?$CL?9?9?9?9?9?9?9?9?9?9?9?9?9?9?9?9?9?9?9?9?9?9?9?9?9?9?9?9?9?9?9@ 00100a94     main.obj
 0002:000000c4       ??_C@_0CN@PMONMCJE@?$HM?5?5?5?5MOS?532?5Bit?5C?$CL?$CL?5Kernel?5Execu@ 00100ac4     main.obj
 0002:000000f4       ??_C@_0CN@FMGOCDKO@?$CL?9?9?9?9?9?9?9?9?9?9?9?9?9?9?9?9?9?9?9?9?9?9?9?9?9?9?9?9?9?9?9@ 00100af4     main.obj
 0003:00000000       ?__xc_a@@3PAP6AXXZA        00100c00     Lib:cstd.obj
 0003:00000004       ?__xc_z@@3PAP6AXXZA        00100c04     Lib:cstd.obj
 0003:00000008       ?bchars@@3PADA             00100c08     DebugDisplay.obj
 0003:0000001c       __fltused                  00100c1c     Lib:cstd.obj
 0003:00000020       ?tbuf@@3PADA               00100c20     DebugDisplay.obj

 entry point at        0000:00000000

 Static symbols

